BSP-2 H VIDEO_MPEG2_MP_ML
BSP-7 M SMARTCARD_ATR_ANALYSIS_INSERT_VALID_CARD_CORRECT_DIRECTOIN
BSP-11 M SMARTCARD_PARAMETER_PARSING_INSERT_VALID_CARD_CORRECT_DIRECTION
BSP-12 M SMARTCARD_PARAMETER_PARSING_SET_INDEX_DEVICE_ID_0
BSP-13 M SMARTCARD_PARAMETER_PARSING_SET_INDEX_DEVICE_ID_1
BSP-14 M SMARTCARD_PARAMETER_PARSING_SET_INDEX_DEVICE_ID_2
BSP-15 M SMARTCARD_PARAMETER_PARSING_WITHOUT_OPEN_CARD_WHEN_WRITE_CARD
BSP-17 H SMARTCARD_COMMUNICATION_INSERT_VALID_CARD_CORRECT_DIRECTION
BSP-18 M SMARTCARD_COMMUNICATION_MULTI_PROCESS
BSP-19 M SMARTCARD_COMMUNICATION_BLOCK_MODE
BSP-20 M SMARTCARD_COMMUNICATION_UNBLOCK_MODE
BSP-21 M SMARTCARD_PARAMETER_PARSING_WITHOUT_OPEN_CARD_WHEN_READ_CARD
BSP-22 M SMARTCARD_COMMUNICATION_INVALID_PARAMETER
BSP-23 M SMARTCARD_COMMUNICATION_UNRECOGNIZE_COMMAND
BSP-24 M SMARTCARD_COMMUNICATION_COMMANDS_WITH_WRONG_LENGTH
BSP-49 H VIDEO_MPEG2_MP_HL_1080I50
BSP-50 H VIDEO_MPEG2_MP_HL_720P60
BSP-51 H VIDEO_MPEG2_SP_ML
BSP-52 H VIDEO_MPEG1
BSP-53 H VIDEO_H264_BP
BSP-54 H VIDEO_H264_MP_3.0
BSP-55 H VIDEO_H264_MP_3.1_480P
BSP-56 H VIDEO_H264_MP_3.1_576I
BSP-57 H VIDEO_H264_MP_3.1_720P
BSP-58 H VIDEO_H264_MP_4.0_CAVLC
BSP-59 H VIDEO_H264_MP_4.0_CABAC
BSP-60 H VIDEO_H264_HP_3.0
BSP-61 H VIDEO_H264_HP_4.0_720P
BSP-63 H VIDEO_MPEG4_SP_SD
BSP-64 H VIDEO_MPEG4_SP_HD
BSP-66 H VIDEO_MPEG4_ASP_1
BSP-67 H VIDEO_MPEG4_ASP_2
BSP-68 H VIDEO_MPEG4_ASP_3
BSP-69 H VIDEO_RV_8_0
BSP-70 H VIDEO_RV_8_1
BSP-71 H VIDEO_RV_8_2
BSP-72 H VIDEO_RV_9_0
BSP-73 H VIDEO_RV_9_1
BSP-74 H VIDEO_RV_9_2
BSP-75 H VIDEO_RV_10
BSP-76 H VIDEO_AVS_480P
BSP-77 H VIDEO_AVS_576I
BSP-78 H VIDEO_AVS_576P
BSP-80 H VIDEO_VC1_SP_ML
BSP-81 H VIDEO_VC1_SP_LL
BSP-82 H VIDEO_VC1_MP_ML
BSP-83 H VIDEO_VC1_MP_LL
BSP-84 H VIDEO_VC1_MP_HL
BSP-85 H VIDEO_VC1_AP_L0
BSP-87 H VIDEO_VC1_AP_L2
BSP-88 H VIDEO_VC1_AP_L3
BSP-89 H VIDEO_VC1_AP_L4
BSP-193 M VIDEO_FIRMWARE_ERROR_CHECK6_auto
BSP-194 M VIDEO_FIRMWARE_ERROR_CHECK7_auto
BSP-195 M VIDEO_FIRMWARE_ERROR_CHECK8_auto
BSP-196 M VIDEO_FIRMWARE_ERROR_CHECK9_auto
BSP-198 M VIDEO_FIRMWARE_ERROR_CHECK11_auto
BSP-204 H AUDIO_DEC_MPEG1_LAYER1_ES_1
BSP-205 H AUDIO_DEC_MPEG1_LAYER1_ES_2
BSP-225 L AUDIO_DEC_CONFORMANCE_MPG_1
BSP-226 L AUDIO_DEC_CONFORMANCE_MPG_2
BSP-227 L AUDIO_DEC_CONFORMANCE_MPG_3
BSP-228 L AUDIO_DEC_CONFORMANCE_MPG_4
BSP-229 L AUDIO_DEC_CONFORMANCE_MPG_5
BSP-230 L AUDIO_DEC_CONFORMANCE_MPG_6
BSP-231 L AUDIO_DEC_CONFORMANCE_MPG_7
BSP-232 L AUDIO_DEC_CONFORMANCE_MPG_8
BSP-233 L AUDIO_DEC_CONFORMANCE_MPG_9
BSP-234 L AUDIO_DEC_CONFORMANCE_MPG_10
BSP-235 L AUDIO_DEC_CONFORMANCE_MPG_11
BSP-236 L AUDIO_DEC_CONFORMANCE_MPG_12
BSP-237 L AUDIO_DEC_CONFORMANCE_MPG_13
BSP-238 L AUDIO_DEC_CONFORMANCE_MPG_14
BSP-239 L AUDIO_DEC_CONFORMANCE_MPG_15
BSP-240 L AUDIO_DEC_CONFORMANCE_MPG_16
BSP-241 L AUDIO_DEC_CONFORMANCE_MPG_17
BSP-242 L AUDIO_DEC_CONFORMANCE_MPG_18
BSP-243 L AUDIO_DEC_CONFORMANCE_MPG_19
BSP-244 L AUDIO_DEC_CONFORMANCE_MPG_20
BSP-274 H VIDEO_JPEG_0_640_480
BSP-275 H VIDEO_JPEG_1_1920_1080
BSP-276 H VIDEO_JPEG_2_4096_4096
BSP-277 H VIDEO_JPEG_3_8192_8192
BSP-278 H VIDEO_JPEG_4_1944_2592
BSP-279 H VIDEO_JPEG_5_1632_1224
BSP-281 L AUDIO_DEC_CONFORMANCE_MPG_21
BSP-283 L AUDIO_DEC_CONFORMANCE_MPG_23
BSP-284 L AUDIO_DEC_CONFORMANCE_MPG_24
BSP-285 L AUDIO_DEC_CONFORMANCE_MPG_25
BSP-286 L AUDIO_DEC_CONFORMANCE_MPG_26
BSP-288 L AUDIO_DEC_CONFORMANCE_MPG_27
BSP-289 L AUDIO_DEC_CONFORMANCE_MPG_28
BSP-290 L AUDIO_DEC_CONFORMANCE_MPG_29
BSP-291 L AUDIO_DEC_CONFORMANCE_MPG_30
BSP-292 L AUDIO_DEC_CONFORMANCE_MPG_31
BSP-293 L AUDIO_DEC_CONFORMANCE_MPG_32
BSP-294 L AUDIO_DEC_CONFORMANCE_MPG_33
BSP-295 L AUDIO_DEC_CONFORMANCE_MPG_34
BSP-296 L AUDIO_DEC_CONFORMANCE_MPG_35
BSP-297 L AUDIO_DEC_CONFORMANCE_MPG_36
BSP-298 L AUDIO_DEC_CONFORMANCE_MPG_37
BSP-300 L AUDIO_DEC_CONFORMANCE_MPG_38
BSP-301 L AUDIO_DEC_CONFORMANCE_MPG_39
BSP-302 L AUDIO_DEC_CONFORMANCE_MPG_40
BSP-303 L AUDIO_DEC_CONFORMANCE_MPG_41
BSP-304 L AUDIO_DEC_CONFORMANCE_MPG_42
BSP-305 L AUDIO_DEC_CONFORMANCE_MPG_43
BSP-306 L AUDIO_DEC_CONFORMANCE_MPG_44
BSP-307 L AUDIO_DEC_CONFORMANCE_MPG_45
BSP-308 L AUDIO_DEC_CONFORMANCE_MPG_46
BSP-309 L AUDIO_DEC_CONFORMANCE_MPG_47
BSP-310 L AUDIO_DEC_CONFORMANCE_MPG_48
BSP-311 L AUDIO_DEC_CONFORMANCE_MPG_49
BSP-312 L AUDIO_DEC_CONFORMANCE_MPG_50
BSP-313 L AUDIO_DEC_CONFORMANCE_MPG_51
BSP-314 L AUDIO_DEC_CONFORMANCE_MPG_52
BSP-315 L AUDIO_DEC_CONFORMANCE_MPG_53
BSP-316 L AUDIO_DEC_CONFORMANCE_MPG_54
BSP-317 L AUDIO_DEC_CONFORMANCE_MPG_55
BSP-318 L AUDIO_DEC_CONFORMANCE_MPG_56
BSP-319 L AUDIO_DEC_CONFORMANCE_MPG_57
BSP-320 L AUDIO_DEC_CONFORMANCE_MPG_58
BSP-321 L AUDIO_DEC_CONFORMANCE_MPG_59
BSP-329 H AUDIO_DEC_MP3_ES_1
BSP-335 H AUDIO_DEC_MP3_ES_2
BSP-336 H AUDIO_DEC_MP3_ES_3
BSP-337 H AUDIO_DEC_MP3_ES_4
BSP-338 H AUDIO_DEC_MP3_ES_5
BSP-341 H AUDIO_DEC_MP3_ES_6
BSP-342 H AUDIO_DEC_MP3_ES_7
BSP-343 H AUDIO_DEC_MP3_ES_8
BSP-344 H AUDIO_DEC_MP3_ES_9
BSP-345 H AUDIO_DEC_MP3_ES_10
BSP-346 H AUDIO_DEC_MP3_ES_11
BSP-347 H AUDIO_DEC_MP3_ES_12
BSP-356 H AUDIO_DEC_AC3_ES_1
BSP-357 H AUDIO_DEC_AC3_ES_2
BSP-358 H AUDIO_DEC_AC3_ES_3
BSP-359 H AUDIO_DEC_AC3_ES_4
BSP-360 H AUDIO_DEC_AC3_ES_5
BSP-361 H AUDIO_DEC_AC3_ES_6
BSP-362 H AUDIO_DEC_AC3_ES_7
BSP-363 H AUDIO_DEC_AC3_ES_8
BSP-364 H AUDIO_DEC_AC3_ES_9
BSP-365 H AUDIO_DEC_AC3_ES_10
BSP-366 H AUDIO_DEC_AC3_ES_11
BSP-367 H AUDIO_DEC_AC3_ES_12
BSP-368 H AUDIO_DEC_AC3_ES_13
BSP-369 H AUDIO_DEC_AC3_ES_14
BSP-370 H AUDIO_DEC_AC3_ES_15
BSP-371 H AUDIO_DEC_AAC_ADTS_VERSION2_LC_ES_4
BSP-372 H AUDIO_DEC_AAC_ADTS_VERSION2_LC_ES_5
BSP-373 L AUDIO_DEC_CONFORMANCE_AC3_1
BSP-374 L AUDIO_DEC_CONFORMANCE_AC3_2
BSP-375 L AUDIO_DEC_CONFORMANCE_AC3_3
BSP-376 L AUDIO_DEC_CONFORMANCE_AC3_4
BSP-377 L AUDIO_DEC_CONFORMANCE_AC3_5
BSP-378 L AUDIO_DEC_CONFORMANCE_AC3_6
BSP-379 L AUDIO_DEC_CONFORMANCE_AC3_7
BSP-380 L AUDIO_DEC_CONFORMANCE_AC3_8
BSP-381 L AUDIO_DEC_CONFORMANCE_AC3_9
BSP-382 L AUDIO_DEC_CONFORMANCE_AC3_10
BSP-383 L AUDIO_DEC_CONFORMANCE_AC3_11
BSP-384 L AUDIO_DEC_CONFORMANCE_AC3_12
BSP-385 L AUDIO_DEC_CONFORMANCE_AC3_13
BSP-386 L AUDIO_DEC_CONFORMANCE_AC3_14
BSP-387 L AUDIO_DEC_CONFORMANCE_AC3_15
BSP-468 H VIDEO_H264_MP_3.1_1080P
BSP-469 H VIDEO_H264_HP_4.0_1080P
BSP-472 H VIDEO_MPEG4_FLV1_0
BSP-473 H VIDEO_MPEG4_FLV1_1
BSP-474 H VIDEO_MPEG4_FLV1_2
BSP-475 H AUDIO_DEC_WMA8_ES_1
BSP-476 H AUDIO_DEC_WMA8_ES_2
BSP-477 H AUDIO_DEC_WMA8_ES_4
BSP-478 H AUDIO_DEC_WMA9_PRO_ES_3
BSP-481 M AUDIO_DEC_HE-AAC_ADTS_ES_1
BSP-505 H VIDEO_JPEG_6_5184_3456
BSP-506 H VIDEO_JPEG_8_2400_16
BSP-507 H VIDEO_JPEG_10_2592_3872
BSP-508 H VIDEO_JPEG_7_3872_2592
BSP-509 H VIDEO_MJPEG_CITY
BSP-512 H VIDEO_JPEG_9_16_16
BSP-513 L AUDIO_DEC_CONFORMANCE_AC3_16
BSP-514 L AUDIO_DEC_CONFORMANCE_AC3_17
BSP-515 L AUDIO_DEC_CONFORMANCE_AC3_18
BSP-516 L AUDIO_DEC_CONFORMANCE_AC3_19
BSP-517 L AUDIO_DEC_CONFORMANCE_AC3_20
BSP-518 L AUDIO_DEC_CONFORMANCE_AC3_21
BSP-519 L AUDIO_DEC_CONFORMANCE_AC3_22
BSP-520 L AUDIO_DEC_CONFORMANCE_AC3_23
BSP-521 L AUDIO_DEC_CONFORMANCE_AC3_24
BSP-522 L AUDIO_DEC_CONFORMANCE_AC3_25
BSP-523 L AUDIO_DEC_CONFORMANCE_AC3_26
BSP-524 L AUDIO_DEC_CONFORMANCE_AC3_27
BSP-525 L AUDIO_DEC_CONFORMANCE_AC3_28
BSP-526 L AUDIO_DEC_CONFORMANCE_AC3_29
BSP-527 L AUDIO_DEC_CONFORMANCE_AC3_30
BSP-528 L AUDIO_DEC_CONFORMANCE_AC3_31
BSP-529 L AUDIO_DEC_CONFORMANCE_AC3_32
BSP-530 L AUDIO_DEC_CONFORMANCE_AC3_33
BSP-531 L AUDIO_DEC_CONFORMANCE_AC3_34
BSP-561 H AUDIO_DEC_AAC_ADTS_VERSION2_LC_ES_1
BSP-562 H AUDIO_DEC_AAC_ADTS_VERSION2_LC_ES_2
BSP-563 H AUDIO_DEC_AAC_ADTS_VERSION2_LC_ES_3
BSP-564 H AUDIO_DEC_AAC_ADTS_VERSION2_LC_ES_6
BSP-565 H AUDIO_DEC_AAC_ADTS_VERSION2_LC_ES_7
BSP-566 H AUDIO_DEC_AAC_ADTS_VERSION2_LC_ES_8
BSP-567 H AUDIO_DEC_AAC_ADTS_VERSION2_LC_ES_9
BSP-568 H AUDIO_DEC_AAC_ADTS_VERSION2_LC_ES_10
BSP-569 H AUDIO_DEC_AAC_ADTS_VERSION2_LC_ES_11
BSP-570 H AUDIO_DEC_AAC_ADTS_VERSION2_LC_ES_12
BSP-571 H AUDIO_DEC_AAC_ADTS_VERSION2_LC_ES_13
BSP-572 H AUDIO_DEC_AAC_ADTS_VERSION2_LC_ES_14
BSP-573 H AUDIO_DEC_AAC_ADTS_VERSION2_LC_ES_15
BSP-574 H AUDIO_DEC_AAC_ADTS_VERSION2_LC_ES_16
BSP-575 H AUDIO_DEC_AAC_ADTS_VERSION2_LC_ES_17
BSP-576 H AUDIO_DEC_AAC_ADTS_VERSION2_LC_ES_18
BSP-577 H AUDIO_DEC_AAC_ADTS_VERSION2_LC_ES_19
BSP-578 H AUDIO_DEC_AAC_ADTS_VERSION2_LC_ES_20
BSP-579 H AUDIO_DEC_AAC_ADTS_VERSION2_LC_ES_21
BSP-589 H AUDIO_DEC_AAC_ADTS_VERSION4_LC_ES_1
BSP-590 H AUDIO_DEC_AAC_ADTS_VERSION4_LC_ES_2
BSP-591 H AUDIO_DEC_AAC_ADTS_VERSION4_LC_ES_3
BSP-592 H  VIDEO_MPEG4_H263
BSP-593 H AUDIO_DEC_AAC_ADTS_VERSION4_LC_ES_4
BSP-594 H AUDIO_DEC_AAC_ADTS_VERSION4_LC_ES_5
BSP-595 H AUDIO_DEC_AAC_ADTS_VERSION4_LC_ES_6
BSP-596 H AUDIO_DEC_AAC_ADTS_VERSION4_LC_ES_7
BSP-597 H AUDIO_DEC_AAC_ADTS_VERSION4_LC_ES_8
BSP-598 H AUDIO_DEC_AAC_ADTS_VERSION4_LC_ES_9
BSP-599 H AUDIO_DEC_AAC_ADTS_VERSION4_LC_ES_10
BSP-600 H AUDIO_DEC_AAC_ADTS_VERSION4_LC_ES_11
BSP-601 H AUDIO_DEC_AAC_ADTS_VERSION4_LC_ES_12
BSP-602 H AUDIO_DEC_AAC_ADTS_VERSION4_LC_ES_13
BSP-603 H AUDIO_DEC_AAC_ADTS_VERSION4_LC_ES_14
BSP-604 H AUDIO_DEC_AAC_ADIF_ES_1
BSP-605 H AUDIO_DEC_AAC_ADIF_ES_2
BSP-606 H AUDIO_DEC_AAC_ADIF_ES_3
BSP-607 H AUDIO_DEC_AAC_ADIF_ES_5
BSP-608 H AUDIO_DEC_AAC_ADIF_ES_6
BSP-609 H AUDIO_DEC_AAC_ADIF_ES_7
BSP-629 H VIDEO_H264_BP_FRAMERATE_10
BSP-630 H AUDIO_DEC_AAC_ADIF_ES_10
BSP-631 H AUDIO_DEC_AAC_ADIF_ES_11
BSP-632 H AUDIO_DEC_AAC_ADIF_ES_13
BSP-633 H AUDIO_DEC_HE-AAC_ADTS_ES_2
BSP-634 H AUDIO_DEC_HE-AAC_ADTS_ES_3
BSP-644 H AUDIO_DEC_HE-AAC_V2_1
BSP-645 H AUDIO_DEC_HE-AAC_V2_2
BSP-646 H AUDIO_DEC_HE-AAC_V2_3
BSP-647 H AUDIO_DEC_HE-AAC_V2_4
BSP-648 H AUDIO_DEC_HE-AAC_V2_5
BSP-649 H VIDEO_JPEG_2592_3872_YUV224
BSP-650 H VIDEO_JPEG_YUV400
BSP-651 H VIDEO_JPEG_1653_2480_YUV444
BSP-653 H AUDIO_DEC_HE-AAC_V2_6
BSP-654 H AUDIO_DEC_HE-AAC_V2_7
BSP-655 H AUDIO_DEC_HE-AAC_V2_8
BSP-656 H AUDIO_DEC_HE-AAC_V2_9
BSP-657 H AUDIO_DEC_HE-AAC_V2_10
BSP-658 H AUDIO_DEC_HE-AAC_V2_11
BSP-659 H AUDIO_DEC_HE-AAC_V2_12
BSP-660 H AUDIO_DEC_HE-AAC_V2_13
BSP-661 H AUDIO_DEC_HE-AAC_V2_14
BSP-662 H AUDIO_DEC_HE-AAC_V2_15
BSP-663 H AUDIO_DEC_HE-AAC_V2_16
BSP-664 H AUDIO_DEC_HE-AAC_V2_17
BSP-665 H AUDIO_DEC_HE-AAC_V2_18
BSP-666 H AUDIO_DEC_HE-AAC_V2_19
BSP-667 H AUDIO_DEC_HE-AAC_V2_20
BSP-668 H AUDIO_DEC_HE-AAC_V2_21
BSP-669 H AUDIO_DEC_HE-AAC_V2_22
BSP-670 H AUDIO_DEC_HE-AAC_V2_23
BSP-671 H AUDIO_DEC_HE-AAC_V2_24
BSP-672 H AUDIO_DEC_HE-AAC_V2_25
BSP-673 H AUDIO_DEC_HE-AAC_V2_26
BSP-674 H AUDIO_DEC_HE-AAC_V2_27
BSP-675 H AUDIO_DEC_HE-AAC_V2_28
BSP-676 H AUDIO_DEC_HE-AAC_V2_29
BSP-677 H AUDIO_DEC_HE-AAC_V2_30
BSP-679 H AUDIO_DEC_HE-AAC_V2_32
BSP-680 H AUDIO_DEC_HE-AAC_V2_33
BSP-682 H AUDIO_DEC_HE-AAC_V2_35
BSP-683 H AUDIO_DEC_HE-AAC_V2_36
BSP-684 H AUDIO_DEC_HE-AAC_V2_37
BSP-685 H AUDIO_DEC_HE-AAC_V2_38
BSP-686 H AUDIO_DEC_HE-AAC_V2_39
BSP-687 H AUDIO_DEC_HE-AAC_V2_40
BSP-688 H AUDIO_DEC_HE-AAC_V2_41
BSP-689 H AUDIO_DEC_HE-AAC_V2_42
BSP-690 H AUDIO_DEC_HE-AAC_V2_43
BSP-691 H AUDIO_DEC_HE-AAC_V2_44
BSP-692 H AUDIO_DEC_HE-AAC_V2_45
BSP-693 H AUDIO_DEC_HE-AAC_V2_46
BSP-694 H AUDIO_DEC_HE-AAC_V2_47
BSP-695 H AUDIO_DEC_HE-AAC_V2_48
BSP-696 H AUDIO_DEC_HE-AAC_V2_49
BSP-697 H AUDIO_DEC_HE-AAC_V2_50
BSP-698 H AUDIO_DEC_HE-AAC_V2_51
BSP-699 H AUDIO_DEC_HE-AAC_V2_52
BSP-700 H AUDIO_DEC_HE-AAC_V2_53
BSP-701 H AUDIO_DEC_HE-AAC_V2_54
BSP-702 H AUDIO_DEC_HE-AAC_V2_55
BSP-703 H AUDIO_DEC_HE-AAC_V2_56
BSP-704 H AUDIO_DEC_HE-AAC_V2_57
BSP-705 H AUDIO_DEC_HE-AAC_V2_58
BSP-706 H AUDIO_DEC_HE-AAC_V2_59
BSP-707 H AUDIO_DEC_HE-AAC_V2_60
BSP-708 H AUDIO_DEC_HE-AAC_V2_61
BSP-710 H AUDIO_DEC_HE-AAC_V2_63
BSP-711 H AUDIO_DEC_HE-AAC_V2_64
BSP-712 H AUDIO_DEC_HE-AAC_V2_65
BSP-713 H AUDIO_DEC_HE-AAC_V2_66
BSP-714 H AUDIO_DEC_DTS_ES_1
BSP-715 H AUDIO_DEC_DTS_ES_2
BSP-716 H AUDIO_DEC_DTS_ES_3
BSP-717 H AUDIO_DEC_DTS_ES_4
BSP-718 H AUDIO_DEC_DTS_ES_5
BSP-719 H AUDIO_DEC_DTS_ES_6
BSP-720 H AUDIO_DEC_DTS_ES_7
BSP-721 H AUDIO_DEC_DTS_ES_8
BSP-722 M AUDIO_DEC_DTS_ES_9
BSP-723 M AUDIO_DEC_DTS_ES_10
BSP-724 M AUDIO_DEC_DTS_ES_11
BSP-725 M AUDIO_DEC_DTS_ES_12
BSP-726 M AUDIO_DEC_DTS_ES_13
BSP-727 M AUDIO_DEC_DTS_ES_14
BSP-728 M AUDIO_DEC_DTS_ES_15
BSP-729 M AUDIO_DEC_DTS_ES_16
BSP-730 H AUDIO_DEC_EAC3_ES_1
BSP-732 H AUDIO_DEC_EAC3_ES_3
BSP-733 H AUDIO_DEC_EAC3_ES_4
BSP-734 H AUDIO_DEC_EAC3_ES_5
BSP-735 H AUDIO_DEC_EAC3_ES_6
BSP-736 H AUDIO_DEC_EAC3_ES_7
BSP-737 H AUDIO_DEC_EAC3_ES_8
BSP-738 H AUDIO_DEC_EAC3_ES_9
BSP-739 H AUDIO_DEC_EAC3_ES_10
BSP-740 H AUDIO_DEC_EAC3_ES_11
BSP-741 H AUDIO_DEC_EAC3_ES_12
BSP-742 H AUDIO_DEC_EAC3_ES_13
BSP-743 H AUDIO_DEC_EAC3_ES_14
BSP-744 H AUDIO_DEC_EAC3_ES_15
BSP-745 H AUDIO_DEC_EAC3_ES_16
BSP-746 H AUDIO_DEC_EAC3_ES_17
BSP-747 H AUDIO_DEC_EAC3_ES_18
BSP-748 H AUDIO_DEC_EAC3_ES_19
BSP-749 H AUDIO_DEC_EAC3_ES_20
BSP-750 H AUDIO_DEC_EAC3_ES_21
BSP-751 H AUDIO_DEC_EAC3_ES_22
BSP-752 H AUDIO_DEC_EAC3_ES_23
BSP-753 H AUDIO_DEC_EAC3_ES_24
BSP-754 H AUDIO_DEC_EAC3_ES_25
BSP-755 H AUDIO_DEC_EAC3_ES_26
BSP-756 H AUDIO_DEC_EAC3_ES_27
BSP-757 H AUDIO_DEC_EAC3_ES_28
BSP-758 H AUDIO_DEC_EAC3_ES_29
BSP-759 H AUDIO_DEC_EAC3_ES_30
BSP-760 H AUDIO_DEC_EAC3_ES_31
BSP-761 H AUDIO_DEC_EAC3_ES_32
BSP-762 H AUDIO_DEC_EAC3_ES_33
BSP-763 H AUDIO_DEC_EAC3_ES_34
BSP-764 H AUDIO_DEC_EAC3_ES_35
BSP-765 H AUDIO_DEC_EAC3_ES_36
BSP-766 H AUDIO_DEC_EAC3_ES_37
BSP-767 H AUDIO_DEC_EAC3_ES_38
BSP-768 H AUDIO_DEC_EAC3_ES_39
BSP-769 H AUDIO_DEC_EAC3_ES_40
BSP-770 H AUDIO_DEC_EAC3_ES_41
BSP-771 H AUDIO_DEC_EAC3_ES_42
BSP-772 H AUDIO_DEC_EAC3_ES_43
BSP-773 H AUDIO_DEC_EAC3_ES_44
BSP-774 H AUDIO_DEC_EAC3_ES_45
BSP-775 H AUDIO_DEC_EAC3_ES_46
BSP-776 H AUDIO_DEC_EAC3_ES_47
BSP-777 H AUDIO_DEC_EAC3_ES_48
BSP-778 H AUDIO_DEC_EAC3_ES_49
BSP-779 H AUDIO_DEC_EAC3_ES_50
BSP-780 H AUDIO_DEC_EAC3_ES_51
BSP-781 H AUDIO_DEC_EAC3_ES_52
BSP-782 H AUDIO_DEC_EAC3_ES_53
BSP-783 H AUDIO_DEC_EAC3_ES_54
BSP-784 H AUDIO_DEC_EAC3_ES_55
BSP-785 H AUDIO_DEC_EAC3_ES_56
BSP-786 H AUDIO_DEC_EAC3_ES_57
BSP-787 H AUDIO_DEC_EAC3_ES_58
BSP-788 H AUDIO_DEC_EAC3_ES_59
BSP-789 H AUDIO_DEC_EAC3_ES_60
BSP-790 H AUDIO_DEC_EAC3_ES_61
BSP-791 H AUDIO_DEC_EAC3_ES_62
BSP-792 H AUDIO_DEC_EAC3_ES_63
BSP-793 M AUDIO_DEC_EAC3_ES_64
BSP-794 H AUDIO_DEC_EAC3_ES_65
BSP-795 H AUDIO_DEC_EAC3_ES_66
BSP-796 H AUDIO_DEC_EAC3_ES_67
BSP-797 H AUDIO_DEC_EAC3_ES_68
BSP-798 H AUDIO_DEC_EAC3_ES_69
BSP-799 H AUDIO_DEC_EAC3_ES_70
BSP-800 H AUDIO_DEC_EAC3_ES_71
BSP-801 H AUDIO_DEC_EAC3_ES_72
BSP-802 H AUDIO_DEC_EAC3_ES_73
BSP-803 H AUDIO_DEC_EAC3_ES_74
BSP-804 H AUDIO_DEC_EAC3_ES_75
BSP-805 H AUDIO_DEC_EAC3_ES_76
BSP-806 H AUDIO_DEC_EAC3_ES_77
BSP-807 H AUDIO_DEC_EAC3_ES_78
BSP-808 H AUDIO_DEC_EAC3_ES_79
BSP-809 H AUDIO_DEC_EAC3_ES_80
BSP-810 H AUDIO_DEC_EAC3_ES_81
BSP-811 H AUDIO_DEC_EAC3_ES_82
BSP-812 H AUDIO_DEC_EAC3_ES_83
BSP-813 H AUDIO_DEC_EAC3_ES_84
BSP-814 H AUDIO_DEC_EAC3_ES_85
BSP-815 H AUDIO_DEC_EAC3_ES_86
BSP-816 H AUDIO_DEC_EAC3_ES_87
BSP-817 H AUDIO_DEC_EAC3_ES_88
BSP-818 H AUDIO_DEC_EAC3_ES_89
BSP-819 H AUDIO_DEC_EAC3_ES_90
BSP-820 H AUDIO_DEC_EAC3_ES_91
BSP-821 H AUDIO_DEC_EAC3_ES_92
BSP-822 H AUDIO_DEC_WMA8_ES_3
BSP-823 H AUDIO_DEC_WMA8_ES_5
BSP-824 H AUDIO_DEC_WMA8_ES_6
BSP-825 H AUDIO_DEC_WMA8_ES_7
BSP-826 H AUDIO_DEC_WMA8_ES_8
BSP-827 H AUDIO_DEC_WMA9_PRO_ES_1
BSP-828 H AUDIO_DEC_WMA9_PRO_ES_2
BSP-829 H AUDIO_DEC_WMA9_PRO_ES_4
BSP-830 H AUDIO_DEC_WMA9_PRO_ES_5
BSP-831 H AUDIO_DEC_WMA9_PRO_ES_6
BSP-832 H AUDIO_DEC_WMA9_PRO_ES_7
BSP-833 H AUDIO_DEC_WMA9_PRO_ES_8
BSP-834 H AUDIO_DEC_WMA9_PRO_ES_9
BSP-835 H AUDIO_DEC_WMA9_PRO_ES_10
BSP-836 H AUDIO_DEC_WMA9_PRO_ES_11
BSP-837 H AUDIO_DEC_WMA9_PRO_ES_12
BSP-838 H AUDIO_DEC_WMA9_PRO_ES_13
BSP-843 H AUDIO_DEC_FLAC_ES_5
BSP-845 H AUDIO_DEC_FLAC_ES_7
BSP-846 H AUDIO_DEC_FLAC_ES_8
BSP-847 H AUDIO_DEC_FLAC_ES_9
BSP-848 H AUDIO_DEC_FLAC_ES_10
BSP-849 H AUDIO_DEC_FLAC_ES_12
BSP-850 H AUDIO_DEC_FLAC_ES_13
BSP-851 H AUDIO_DEC_FLAC_ES_14
BSP-852 H AUDIO_DEC_FLAC_ES_15
BSP-853 H AUDIO_DEC_FLAC_ES_16
BSP-854 H AUDIO_DEC_FLAC_ES_17
BSP-855 H AUDIO_DEC_FLAC_ES_18
BSP-856 H AUDIO_DEC_FLAC_ES_19
BSP-868 H AUDIO_DEC_FLAC_ES_24
BSP-869 H AUDIO_DEC_FLAC_ES_25
BSP-870 H AUDIO_DEC_FLAC_ES_26
BSP-876 H AUDIO_DEC_FLAC_ES_31
BSP-878 H AUDIO_DEC_FLAC_ES_33
BSP-879 H AUDIO_DEC_FLAC_ES_34
BSP-882 H AUDIO_DEC_FLAC_ES_37
BSP-885 H AUDIO_DEC_FLAC_ES_40
BSP-888 H AUDIO_DEC_FLAC_ES_43
BSP-890 H AUDIO_DEC_FLAC_ES_45
BSP-891 H AUDIO_DEC_FLAC_ES_46
BSP-897 H AUDIO_DEC_FLAC_ES_52
BSP-898 H AUDIO_DEC_FLAC_ES_53
BSP-902 H AUDIO_DEC_FLAC_ES_57
BSP-903 H AUDIO_DEC_FLAC_ES_58
BSP-904 H AUDIO_DEC_FLAC_ES_59
BSP-905 H AUDIO_DEC_FLAC_ES_60
BSP-906 H AUDIO_DEC_FLAC_ES_61
BSP-907 H AUDIO_DEC_FLAC_ES_62
BSP-908 H AUDIO_DEC_FLAC_ES_63
BSP-909 H AUDIO_DEC_FLAC_ES_64
BSP-911 H AUDIO_DEC_FLAC_ES_66
BSP-913 H AUDIO_DEC_FLAC_ES_68
BSP-914 H AUDIO_DEC_FLAC_ES_69
BSP-915 H AUDIO_DEC_FLAC_ES_70
BSP-916 H AUDIO_DEC_FLAC_ES_71
BSP-918 H AUDIO_DEC_FLAC_ES_73
BSP-919 H AUDIO_DEC_FLAC_ES_74
BSP-920 H AUDIO_DEC_FLAC_ES_75
BSP-921 H AUDIO_DEC_FLAC_ES_76
BSP-922 H AUDIO_DEC_FLAC_ES_77
BSP-923 H AUDIO_DEC_FLAC_ES_78
BSP-924 H AUDIO_DEC_FLAC_ES_79
BSP-925 H AUDIO_DEC_FLAC_ES_80
BSP-927 H AUDIO_DEC_FLAC_ES_82
BSP-1020 H VIDEO_JPEG_11_1920_1080_YUV422
BSP-1037 M AUDIO_DEC_FLAC_ES_11
BSP-1051 M AUDIO_DEC_REAL_AUDIO_ralf_Wonderful_RA10_Lossless_706K_30s.rm
BSP-1052 H AUDIO_DEC_REAL_AUDIO_raac_HeyYa_RA10_AAC_128K_30s.rm
BSP-1053 H AUDIO_DEC_REAL_AUDIO_raac_HeyYa_RA10_AAC_192K_30s.rm
BSP-1054 H AUDIO_DEC_REAL_AUDIO_raac_WhiteFlag_RA10_AAC_160K_20-50s.rm
BSP-1055 H AUDIO_DEC_REAL_AUDIO_dnet_pegasus_mjpeg.avi.rm
BSP-1056 H AUDIO_DEC_REAL_AUDIO_dnet_sp_sample1.rm
BSP-1057 H AUDIO_DEC_REAL_AUDIO_dnet_sp_sample2.rm
BSP-1061 H AUDIO_DEC_REAL_AUDIO_cook_mc_sich_ra8_20.rm
BSP-1062 H AUDIO_DEC_REAL_AUDIO_cook_mc_sich_ra8_44.rm
BSP-1063 H AUDIO_DEC_REAL_AUDIO_cook_multichannel.001
BSP-1064 H AUDIO_DEC_REAL_AUDIO_cook_Vetenskap_extramaterial_2005-10-31_142936.rm
BSP-1065 H AUDIO_DEC_REAL_AUDIO_cook_Vetenskap_mosbricka_2005-03-02_105820.rm
BSP-1066 H AUDIO_DEC_REAL_AUDIO_cook_5.1_hotel_california_ra5.1_640x480_30s.001
BSP-1067 H AUDIO_DEC_REAL_AUDIO_cook_5.1_multichannel.rma
BSP-1068 H AUDIO_DEC_REAL_AUDIO_cook_5.1_samplerv.001
BSP-1069 M AUDIO_DEC_REAL_AUDIO_cook_5.1_Surround_6ch.rma
BSP-1070 H AUDIO_DEC_REAL_AUDIO_cook_stereo_gg.rm
BSP-1071 H AUDIO_DEC_REAL_AUDIO_cook - missing channel.001
BSP-1072 H AUDIO_DEC_REAL_AUDIO_atrc_DearJohn.rm
BSP-1073 H AUDIO_DEC_REAL_AUDIO_atrc_FUN_RM_132.rm
BSP-1074 H AUDIO_DEC_REAL_AUDIO_atrc_GoodbyeCaroline.rm
BSP-1075 H AUDIO_DEC_REAL_AUDIO_atrc_KingOfTheJailhouse.rm
BSP-1076 H AUDIO_DEC_REAL_AUDIO_atrc_mc_sich_ra8_105.rm
BSP-1077 H AUDIO_DEC_REAL_AUDIO_atrc_mc_sich_ra8_132.rm
BSP-1078 H AUDIO_DEC_REAL_AUDIO_atrc_mc_sich_ra8_264.rm
BSP-1079 H AUDIO_DEC_REAL_AUDIO_atrc_mc_sich_ra8_352.rm
BSP-1080 H AUDIO_DEC_REAL_AUDIO_atrc_td-sbe-full.rm
BSP-1086 H AUDIO_DEC_REAL_AUDIO_cook_clip01.rm
BSP-1088 H AUDIO_DEC_REAL_AUDIO_cook_fight3.ram
BSP-1089 H AUDIO_DEC_REAL_AUDIO_cook_jj-video.rm
BSP-1090 H AUDIO_DEC_REAL_AUDIO_cook_no_video_with_xv_or_x11.rm
BSP-1091 H AUDIO_DEC_REAL_AUDIO_cook_novideo.rm
BSP-1095 H AUDIO_DEC_REAL_AUDIO_cook_video-1.rm
BSP-1096 H AUDIO_DEC_REAL_AUDIO_cook_video-2.rm
BSP-1100 H AUDIO_DEC_REAL_AUDIO_cook_gorleben.rm
BSP-1101 H AUDIO_DEC_REAL_AUDIO_cook_spear.rm
BSP-1102 H AUDIO_DEC_REAL_AUDIO_cook_Saber Marionette J - 01 - Lime Appears! A Planet of Men Only.rm
BSP-1134 H AUDIO_DEC_REAL_AUDIO_cook_strange.rm
BSP-1135 H AUDIO_DEC_REAL_AUDIO_cook_firstrun.rm
BSP-1136 H AUDIO_DEC_REAL_AUDIO_cook_Ah_My_Goddess_01.rm
BSP-1137 H AUDIO_DEC_REAL_AUDIO_cook_RLV8_19.rm
BSP-1138 H AUDIO_DEC_REAL_AUDIO_cook_mul8m1tn.rm
BSP-1139 H AUDIO_DEC_REAL_AUDIO_cook_manonfires.rm
BSP-1140 H AUDIO_DEC_REAL_AUDIO_cook_RLG2_19.rm
BSP-1141 H AUDIO_DEC_REAL_AUDIO_cook_mlorre1.rm
BSP-1142 H AUDIO_DEC_REAL_AUDIO_cook_rockfall.rm
BSP-1143 H AUDIO_DEC_REAL_AUDIO_cook_audiosig.rm
BSP-1144 H AUDIO_DEC_REAL_AUDIO_cook_90009885H.rm
BSP-1145 H AUDIO_DEC_REAL_AUDIO_cook_tv_watching_t1.rm
BSP-1146 H AUDIO_DEC_REAL_AUDIO_cook_choppy-playback-sample.rm
BSP-1152 H NTFS_CREATE_FILE_MODIFY_SIZE_BY_COPY
BSP-1155 M NTFS_CREATE_FILE_MODIFY_MULTI
BSP-1158 M NTFS_CREATE_DIRECTORY_DUPLICATE
BSP-1160 M NTFS_DELETE_DIRECTORY
BSP-1161 M NTFS_DELETE_FILES_REPEAT
BSP-1162 M NTFS_DELETE_DIRECTORIES_REPEAT
BSP-1163 M NTFS_DELETE_FILE_REBOOT
BSP-1164 M NTFS_DELETE_DIRECTORY_POWER_OFF/ON
BSP-1165 H NTFS_RENAME_FILENAME_REPEAT
BSP-1166 M NTFS_RENAME_FILENAME_INEXISTENT_REPEAT
BSP-1167 H NTFS_RENAME_DIRECTORYNAME_REPEAT
BSP-1168 M NTFS_RENAME_DIRECTORYNAME_INEXISTENT_REPEAT
BSP-1169 H NTFS_RENAME_FILENAME
BSP-1170 H NTFS_RENAME_DIRECTORYNAME
BSP-1171 M NTFS_RENAME_FILENAME_TO_DIRECTORYNAME
BSP-1172 M NTFS_RENAME_DIRECTORYNAME_TO_FILENAME
BSP-1173 M NTFS_DELETE_FILES
BSP-1174 M NTFS_CREATE_FILE_SIZE_INCREASE_NO_SPACE_LEFT
BSP-1175 M NTFS_CREATE_DIRECTORY_NO_SPACE
BSP-1176 M NTFS_COPY_FILE_SPACE_NOT_ENOUGH
BSP-1177 M NTFS_COPY_DIRECTORY_SPACE_NOT_ENOUGH
BSP-1179 M NTFS_COPY_FILE_CANCEL
BSP-1187 H  VIDEO_JPEG_19_16_YUV422
BSP-1188 H VIDEO_JPEG_12_140_105
BSP-1201 H VIDEO_JPEG_4288_2848_YUV422
BSP-1252 M Mutil thread AIO read and write by using thread mode
BSP-1277 M NTFS_COPY_DIRECTORY_CANCEL
BSP-1389 H VIDEO_AVS_SMALL_SIZE
BSP-1399 H libjpeg_1024_1024_yuv444_2.jpg
BSP-1400 H libjpeg_city_794_480_yuv420.jpg
BSP-1401 H libjpeg_T193_8192x8192_yuv420.JPG
BSP-1403 H VIDEO_MPEG2_HP_HL_1080P30
BSP-1406 H VIDEO_AVS_576I_2
BSP-1408 H VIDEO_JPEG_600_600_YUV420
BSP-1430 H  VIDEO_JPEG_3872_2592_YUV224
BSP-1431 H VIDEO_JPEG_3456_5184_YUV224
BSP-1432 H VIDEO_JPEG_2448_3264_YUV224
BSP-1433 H VIDEO_JPEG_2736_3648_YUV224
BSP-1434 H VIDEO_JPEG_5184_3456_YUV422
BSP-1435 H VIDEO_JPEG_2048_1536_YUV422
BSP-1436 H  VIDEO_JPEG_2736_3648_YUV422
BSP-1437 H VIDEO_JPEG_3264_2448_YUV422
BSP-1438 H VIDEO_JPEG_3456_2304_YUV422
BSP-1439 H VIDEO_JPEG_3648_2736_YUV422
BSP-1440 H VIDEO_JPEG_3840_2160_YUV422
BSP-1441 H VIDEO_JPEG_3872_2592_YUV422
BSP-1442 H VIDEO_JPEG_4352_3264_YUV422
BSP-1443 H  VIDEO_JPEG_1037_1549_YUV422
BSP-1444 H AUDIO_DEC_OGG_VORBIS_176P4k_stereo_400kbps
BSP-1445 H VIDEO_JPEG_1024_1024_YUV444
BSP-1446 H VIDEO_JPEG_1000_1000_YUV444
BSP-1447 H VIDEO_JPEG_562_750_YUV444
BSP-1448 H  VIDEO_JPEG_320_240_YUV444
BSP-1449 H  VIDEO_JPEG_1002_744_YUV444
BSP-1450 H VIDEO_JPEG_567_369_YUV444
BSP-1451 H VIDEO_JPEG_900_1188_YUV444
BSP-1452 H VIDEO_JPEG_1190_704_YUV444
BSP-1453 H  VIDEO_JPEG_HTC_2592_1552_YUV422
BSP-1454 H VIDEO_JPEG_SAMSUNG_2448_3264_YUV224
BSP-1455 H  VIDEO_JPEG_720_929_YUV444
BSP-1456 H VIDEO_JPEG_800_535_YUV444
BSP-1457 M NTFS_CREATE_FILENAME_MAX_LENGTH
BSP-1458 H VIDEO_JPEG_665_1000_YUV444
BSP-1459 H VIDEO_JPEG_640_1136_YUV444
BSP-1460 H VIDEO_JPEG_921_700_YUV444
BSP-1461 H VIDEO_JPEG_603_1024_YUV444
BSP-1462 H AUDIO_DEC_OGG_VORBIS_8k_mono_14kbps
BSP-1463 H AUDIO_DEC_OGG_VORBIS_11P025k_stereo_76kbps
BSP-1464 H AUDIO_DEC_OGG_VORBIS_16k_mono_78kbps
BSP-1465 H AUDIO_DEC_OGG_VORBIS_32k_stereo_380kbps
BSP-1466 H AUDIO_DEC_OGG_VORBIS_44P1k_mono_70kbps
BSP-1467 H AUDIO_DEC_OGG_VORBIS_44P1k_stereo_45kbps
BSP-1469 H VIDEO_JPEG_2128_2832_YUV420
BSP-1470 H AUDIO_DEC_OGG_VORBIS_44P1k_stereo_112kbps
BSP-1471 H AUDIO_DEC_OGG_VORBIS_44P1k_stereo_128kbps
BSP-1472 H AUDIO_DEC_OGG_VORBIS_44P1k_stereo_160kbps
BSP-1473 H AUDIO_DEC_OGG_VORBIS_44P1k_stereo_192kbps
BSP-1474 H VIDEO_JPEG_362_346_YUV420
BSP-1475 H VIDEO_JPEG_205_154_YUV420
BSP-1476 M VIDEO_JPEG_1400_1975_YUV420
BSP-1477 H VIDEO_JPEG_1440_900_YUV420
BSP-1478 H VIDEO_JPEG_1680_960_YUV420
BSP-1479 H AUDIO_DEC_OGG_VORBIS_44P1k_stereo_320kbps
BSP-1480 H AUDIO_DEC_OGG_VORBIS_44P1k_stereo_500kbps
BSP-1481 H AUDIO_DEC_OGG_VORBIS_48k_stereo_160kbps
BSP-1482 H AUDIO_DEC_OGG_VORBIS_88P2k_stereo_207kbps
BSP-1483 H AUDIO_DEC_OGG_VORBIS_96k_stereo_376kbps
BSP-1484 H AUDIO_DEC_OGG_VORBIS_192k_stereo_410kbps
BSP-1486 H VIDEO_JPEG_4416_3312_YUV422
BSP-1487 H VIDEO_JPEG_4928_3264_YUV422
BSP-1594 H VIDEO_JPEG_SAMSUNG_3264_2448_YUV422
BSP-1595 H VIDEO_JPEG_IPHONE_2592_1936_YUV420
BSP-1596 H VIDEO_JPEG_XIAOMI_2400_3200_YUV420
BSP-1597 H VIDEO_JPEG_NOKIA_3552_2000_YUV420
BSP-1598 H VIDEO_JPEG_NOKIA_2000_3552_YUV420
BSP-1599 H VIDEO_JPEG_HUAWEI_3264_1836_YUV420
BSP-1600 H VIDEO_JPEG_HUAWEI_1836_3264_YUV420
BSP-1603 H VIDEO_MPEG4_DIV3_0
BSP-1604 H VIDEO_MPEG4_DIV3_1
BSP-1606 H VIDEO_JPEG_4288_2848_YUV444
BSP-1607 H VIDEO_JPEG_2480_1653_YUV444
BSP-1608 H VIDEO_JPEG_8000_3939_YUV444
BSP-1609 H VIDEO_JPEG_3096_2064_YUV444
BSP-1610 H VIDEO_JPEG_2460_1760_YUV422
BSP-1613 H VIDEO_MJPEG_IRONMAN
BSP-1614 H  VIDEO_MJPEG_STARWAR
BSP-1615 H VIDEO_MJPEG_WILDLIFE
BSP-1638 H VIDEO_MPEG4_DIV5_0
BSP-1639 H VIDEO_H264_MP_4.1_1080P_24Mbps
BSP-1640 H VIDEO_MPEG4_XVID_0
BSP-1675 H VIDEO_JPEG_6000_4000_YUV444
BSP-1676 H VIDEO_JPEG_3872_1720_YUV444
BSP-1677 H VIDEO_JPEG_5984_3990_YUV444
BSP-1678 H VIDEO_JPEG_5979_3986_YUV444
BSP-1679 H VIDEO_JPEG_7680_1856_YUV444
BSP-1680 H  VIDEO_JPEG_6000_3022_YUV444
BSP-1681 H VIDEO_JPEG_4000_6000_YUV444
BSP-1682 H  VIDEO_JPEG_5962_2263_YUV444
BSP-1683 H VIDEO_JPEG_2586_3448_YUV422
BSP-1684 H VIDEO_JPEG_3008_2000_YUV422
BSP-1695 M NTFS_DISPLAY_SPACE_USAGE
BSP-1696 M NTFS_CREATE_FILE_CHECK_CONTENT
BSP-1697 M NTFS_CREATE_FILE_CASE-SENSITIVE
BSP-1698 M NTFS_CREATE_DIRECTORY_CASE-SENSITIVE
BSP-1730 H NTFS_CREATE_LINKFILE
BSP-1759 M NTFS_CREATE_DIRECTORYNAME_MAX_LENGTH
BSP-1760 M NTFS_CREATE_DIRECTORY_LEVELS
BSP-1852 M NTFS_READ_FILES_WRITE_TOGETHER
BSP-1853 M NTFS_CREATE_FILE_MODIFY_SIZE_BY_CAT
BSP-1854 H VIDEO_MPEG4_DIV4_1
BSP-1855 H VIDEO_MPEG4_DIV5_1
BSP-1856 H VIDEO_MPEG4_XVID_1
BSP-1857 H VIDEO_H264_HP_4.1_1080P
BSP-1858 H VIDEO_H264_MP_3.1_576P_NO_B_FRAME
BSP-1859 H VIDEO_H264_BP_576P_NO_B_FRAME
BSP-1860 H VIDEO_VC1_1080I
BSP-1862 M AUDIO_DEC_AMR_NB_ES_1
BSP-1863 H AUDIO_DEC_AMR_NB_ES_2
BSP-1866 H AUDIO_DEC_AMR_NB_ES_5
BSP-1867 H AUDIO_DEC_AMR_NB_ES_6
BSP-1868 H AUDIO_DEC_AMR_NB_ES_7
BSP-1869 H AUDIO_DEC_AMR_NB_ES_8
BSP-1870 H AUDIO_DEC_AMR_NB_ES_9
BSP-1871 H AUDIO_DEC_AMR_NB_ES_10
BSP-1872 H AUDIO_DEC_AMR_NB_ES_11
BSP-1873 H AUDIO_DEC_AMR_NB_ES_12
BSP-1874 H AUDIO_DEC_AMR_NB_ES_13
BSP-1875 H AUDIO_DEC_AMR_NB_ES_14
BSP-1876 H AUDIO_DEC_AMR_NB_ES_15
BSP-1877 H AUDIO_DEC_AMR_NB_ES_16
BSP-1878 H AUDIO_DEC_AMR_NB_ES_17
BSP-1879 H AUDIO_DEC_AMR_NB_ES_18
BSP-1880 H AUDIO_DEC_AMR_NB_ES_19
BSP-1881 H AUDIO_DEC_AMR_NB_ES_20
BSP-1882 H AUDIO_DEC_AMR_NB_ES_21
BSP-1883 H AUDIO_DEC_AMR_NB_ES_22
BSP-1884 H AUDIO_DEC_AMR_NB_ES_23
BSP-1885 H AUDIO_DEC_AMR_NB_ES_24
BSP-1886 H AUDIO_DEC_AMR_NB_ES_25
BSP-1887 H AUDIO_DEC_AMR_NB_ES_26
BSP-1888 H AUDIO_DEC_AMR_NB_ES_27
BSP-1890 H AUDIO_DEC_AMR_NB_ES_29
BSP-1892 H AUDIO_DEC_AMR_NB_ES_31
BSP-1893 H AUDIO_DEC_AMR_NB_ES_32
BSP-1894 H AUDIO_DEC_AMR_NB_ES_33
BSP-1895 H AUDIO_DEC_AMR_NB_ES_34
BSP-1896 H AUDIO_DEC_AMR_NB_ES_35
BSP-1897 H AUDIO_DEC_AMR_NB_ES_36
BSP-1898 H AUDIO_DEC_AMR_NB_ES_37
BSP-1899 H AUDIO_DEC_AMR_NB_ES_38
BSP-1900 H AUDIO_DEC_AMR_NB_ES_39
BSP-1901 H AUDIO_DEC_AMR_NB_ES_40
BSP-1902 H AUDIO_DEC_AMR_NB_ES_41
BSP-1903 H AUDIO_DEC_AMR_NB_ES_42
BSP-1905 H AUDIO_DEC_AMR_NB_ES_44
BSP-1907 H AUDIO_DEC_AMR_NB_ES_46
BSP-1908 H AUDIO_DEC_AMR_NB_ES_47
BSP-1909 H AUDIO_DEC_AMR_NB_ES_48
BSP-1910 M AUDIO_DEC_AMR_WB_ES_1
BSP-1911 H AUDIO_DEC_AMR_WB_ES_2
BSP-1912 H AUDIO_DEC_AMR_WB_ES_3
BSP-1913 H AUDIO_DEC_AMR_WB_ES_4
BSP-1914 H AUDIO_DEC_AMR_WB_ES_5
BSP-1915 H AUDIO_DEC_AMR_WB_ES_6
BSP-1916 H AUDIO_DEC_AMR_WB_ES_7
BSP-1917 H AUDIO_DEC_AMR_WB_ES_8
BSP-1918 H AUDIO_DEC_AMR_WB_ES_9
BSP-1922 H VIDEO_H264_MP_4.0_1920_900P
BSP-1923 H VIDEO_H264_BP_CLIP_SIZE
BSP-1924 H VIDEO_H264_HP_4.0_1080I_1
BSP-1925 H VIDEO_MAP_LINEAR_MODE_SD
BSP-1930 H VIDEO_MAP_LINEAR_MODE_HD
BSP-1936 H FTP_LOGIN_NORMAL
BSP-1938 H FTP_MUL_CONNECT
BSP-1939 H FTP_MUL_CONNECT_2
BSP-1940 H FTP_ERGODIC_FILE
BSP-1941 M FTP_BIG_FILE_TRANSFER
BSP-1942 M FTP_SMALL_n_MANY_FILE_TRANSFER
BSP-1943 H FTP_ASCII_MODE_TRANSFER
BSP-1944 M FTP_IMAGE_MODE_TRANSFER
BSP-1945 H FTP_FILE_OPERATE
BSP-1946 H FTP_DIR_OPERATE
BSP-1947 H FTP_SITE_CMD
BSP-1948 H FTP_ACTIVE_MODE
BSP-1949 M FTP_PASSIVE_MODE
BSP-1957 M FTP_CONNECT_INVALID_SERVER
BSP-1958 M FTP_CONNECT_INVALID_SERVER_2
BSP-1960 M FTP_LOGIN_INVALID_USER_PASSWORD
BSP-1961 M FTP_LOGIN_INVALID_USER_PASSWORD_2
BSP-1962 M FTP_OPERATE_NO_PERMIT_FILE_n_DIR
BSP-1963 M FTP_CREATE_EXIST_FILE_n_DIR
BSP-1964 M FTP_DOWNLOAD_INEXIST_FILE
BSP-1965 M FTP_SITE_ERR_CMD
BSP-1978 M NTFS_CREATE_FILE_TRUNCATE_AFTER_CREATE
BSP-1979 M NTFS_READ_WRITE_MULTI_THREAD_AFTER_CREATING_FILES_DIRECTORIES
BSP-1986 M NTFS_DELETE_FILES_VIA_COPY_TO_EXISTENT_FILES
